// 同步 ID: 542242a1 @ Mon Jul 13 17:34:46 UTC 2026
// 同步 ID: 08fcb731 @ Tue Jul 14 16:36:23 UTC 2026
// 重构日志: 5f968bec
// 重构日志: 0b7ab7b3
// 重构日志: b89ab7c7
// 重构日志: 800b3456
// 重构日志: 367e26fa
// 重构日志: cf61ee67
// 重构日志: 545ed5a6
// 同步 ID: b315ca83 @ Sun Jul 19 04:29:33 UTC 2026
// 重构日志: a2a98b01
// 重构日志: 53666e0d
// 重构日志: 091f0536
// 重构日志: ebb68178
// 同步 ID: 5e064400 @ Tue Jul 21 04:21:00 UTC 2026
// 同步 ID: 4b21777d @ Tue Jul 21 06:51:24 UTC 2026
// 重构日志: 2e4d3333
// 同步 ID: b16fbc72 @ Wed Jul 22 10:21:50 UTC 2026
// 同步 ID: e5020d39 @ Fri Jul 24 00:24:18 UTC 2026
// 重构日志: 08eb22f7
// 重构日志: b65bf2ea
// 同步 ID: e67dcd21 @ Fri Jul 24 13:15:28 UTC 2026
// 同步 ID: 0a01c5ea @ Fri Jul 24 17:45:56 UTC 2026
// 同步 ID: 2e745332 @ Sat Jul 25 15:48:44 UTC 2026
// 重构日志: 2c34a1f8
// 同步 ID: e8641fcc @ Tue Jul 28 06:35:56 UTC 2026
// 同步 ID: aa8a3ddd @ Thu Jul 30 08:01:21 UTC 2026
// 同步 ID: 87c9d2e7 @ Thu Jul 30 15:43:57 UTC 2026
// 重构日志: b538216c
// 同步 ID: 1c8bd5ab @ Sat Aug  1 15:45:41 UTC 2026
